[
  {
    "id": 60,
    "distance": 4525.324054772856,
    "layer": "coastline",
    "attributes": {
      "FeatureCla": "Coastline",
      "Note": "",
      "ScaleRank": 0
    }
  }
]