<?xml version="1.0" encoding="utf-8"?>
<!DOCTYPE Map[]>
<Map srs="+proj=merc +a=6378137 +b=6378137 +lat_ts=0.0 +lon_0=0.0 +x_0=0.0 +y_0=0.0 +k=1.0 +units=m +nadgrids=@null +wktext +no_defs +over" background-color="#000000" maximum-extent="-20037508.34,-20037508.34,20037508.34,20037508.34">

<Parameters>
  <Parameter name="bounds">-180,-85.0511,180,85.0511</Parameter>
  <Parameter name="center">0,0,3</Parameter>
  <Parameter name="format">png8:m=h</Parameter>
  <Parameter name="maxzoom">22</Parameter>
  <Parameter name="minzoom">0</Parameter>
  <Parameter name="scale">1</Parameter>
  <Parameter name="interactivity_layer"><![CDATA[water]]></Parameter>
<Parameter name="interactivity_fields"><![CDATA[NAME]]></Parameter>
<Parameter name="template"><![CDATA[<div>{{NAME}}</div>]]></Parameter>

</Parameters>

<Style name="water" filter-mode="first" comp-op="screen">
  <Rule>
    <Filter>([mapnik::geometry_type] = 3)</Filter>
    <LineSymbolizer stroke-width="0.5" stroke="#ffffff" />
    <PolygonSymbolizer fill="rgba(255,255,255,0.1)" />
  </Rule>
  <Rule>
    <Filter>([mapnik::geometry_type] = 2)</Filter>
    <LineSymbolizer stroke-width="2" stroke="#ffffff" />
  </Rule>
  <Rule>
    <Filter>([mapnik::geometry_type] = 1)</Filter>
    <MarkersSymbolizer allow-overlap="true" width="6" height="6" stroke-width="2" stroke="#ffffff" fill="rgba(136,170,238,0.5)" />
    <TextSymbolizer allow-overlap="true" justify-alignment="left" face-name="Source Sans Pro Regular" fill="#ffffff" size="12" dy="6" ><![CDATA[[name]]]></TextSymbolizer>
  </Rule>
</Style>

<Layer name="water" srs="+proj=merc +a=6378137 +b=6378137 +lat_ts=0.0 +lon_0=0.0 +x_0=0.0 +y_0=0.0 +k=1.0 +units=m +nadgrids=@null +wktext +no_defs +over">
    <StyleName>water</StyleName>
</Layer>


</Map>
